01-15 09:05:10.902  8303  8303 I ViewInteraction: Checking 'MatchesViewAssertion(Detox){viewMatcher=(view has effective visibility <VISIBLE> and view.getGlobalVisibleRect() covers at least <75> percent of the view's area)}' assertion on view (view.getTag() is "OnboardingScreen" and view has effective visibility <VISIBLE>)
01-15 09:05:10.929  8303  8387 V UiAutomation: Init UiAutomation@75cb301[id=8, flags=0]
01-15 09:05:10.933  8303  8303 D DeviceCapture: Found 1 global views to redraw
01-15 09:05:10.948  8303  8303 I forceRedraw: FrameCommitCallback complete
01-15 09:05:11.081  8303  8303 I DeviceCapture: got bitmap, returning
01-15 09:05:11.105  8303  8332 D FileTestStorage: openOutputFile from /storage/emulated/0/Android/media/com.rn_testing_app/additionalTestOutputDir/view-op-error-1.png
01-15 09:05:11.225  8303  8303 I ViewInteraction: Checking 'MatchesViewAssertion(Detox){viewMatcher=(view has effective visibility <VISIBLE> and view.getGlobalVisibleRect() covers at least <75> percent of the view's area)}' assertion on view (view.getTag() is "OnboardingScreen" and view has effective visibility <VISIBLE>)
01-15 09:05:11.225  8303  8303 D DeviceCapture: Found 1 global views to redraw
01-15 09:05:11.238  8303  8303 I forceRedraw: FrameCommitCallback complete
01-15 09:05:11.297  8303  8303 I DeviceCapture: got bitmap, returning
01-15 09:05:11.298  8303  8332 D FileTestStorage: openOutputFile from /storage/emulated/0/Android/media/com.rn_testing_app/additionalTestOutputDir/view-op-error-2.png
01-15 09:05:11.420  8303  8303 I ViewInteraction: Checking 'MatchesViewAssertion(Detox){viewMatcher=(view has effective visibility <VISIBLE> and view.getGlobalVisibleRect() covers at least <75> percent of the view's area)}' assertion on view (view.getTag() is "OnboardingScreen" and view has effective visibility <VISIBLE>)
01-15 09:05:11.420  8303  8303 D DeviceCapture: Found 1 global views to redraw
01-15 09:05:11.439  8303  8342 D EGL_emulation: app_time_stats: avg=78.10ms min=1.57ms max=1187.10ms count=25
01-15 09:05:11.440  8303  8303 I forceRedraw: FrameCommitCallback complete
01-15 09:05:11.505  8303  8303 I DeviceCapture: got bitmap, returning
01-15 09:05:11.505  8303  8332 D FileTestStorage: openOutputFile from /storage/emulated/0/Android/media/com.rn_testing_app/additionalTestOutputDir/view-op-error-3.png
01-15 09:05:11.623  8303  8303 I ViewInteraction: Checking 'MatchesViewAssertion(Detox){viewMatcher=(view has effective visibility <VISIBLE> and view.getGlobalVisibleRect() covers at least <75> percent of the view's area)}' assertion on view (view.getTag() is "OnboardingScreen" and view has effective visibility <VISIBLE>)
01-15 09:05:11.625  8303  8303 D DeviceCapture: Found 1 global views to redraw
01-15 09:05:11.642  8303  8303 I forceRedraw: FrameCommitCallback complete
01-15 09:05:11.684  8303  8303 I DeviceCapture: got bitmap, returning
01-15 09:05:11.685  8303  8332 D FileTestStorage: openOutputFile from /storage/emulated/0/Android/media/com.rn_testing_app/additionalTestOutputDir/view-op-error-4.png
01-15 09:05:11.816  8303  8303 I ViewInteraction: Checking 'MatchesViewAssertion(Detox){viewMatcher=(view has effective visibility <VISIBLE> and view.getGlobalVisibleRect() covers at least <75> percent of the view's area)}' assertion on view (view.getTag() is "OnboardingScreen" and view has effective visibility <VISIBLE>)
01-15 09:05:11.817  8303  8303 D DeviceCapture: Found 1 global views to redraw
01-15 09:05:11.821  8303  8303 I forceRedraw: FrameCommitCallback complete
01-15 09:05:11.882  8303  8303 I DeviceCapture: got bitmap, returning
01-15 09:05:11.882  8303  8332 D FileTestStorage: openOutputFile from /storage/emulated/0/Android/media/com.rn_testing_app/additionalTestOutputDir/view-op-error-5.png
01-15 09:05:11.982  8303  8303 I ViewInteraction: Checking 'MatchesViewAssertion(Detox){viewMatcher=(view has effective visibility <VISIBLE> and view.getGlobalVisibleRect() covers at least <75> percent of the view's area)}' assertion on view (view.getTag() is "OnboardingScreen" and view has effective visibility <VISIBLE>)
01-15 09:05:11.983  8303  8303 D DeviceCapture: Found 1 global views to redraw
01-15 09:05:11.987  8303  8303 I forceRedraw: FrameCommitCallback complete
01-15 09:05:12.026  8303  8303 I DeviceCapture: got bitmap, returning
01-15 09:05:12.026  8303  8332 D FileTestStorage: openOutputFile from /storage/emulated/0/Android/media/com.rn_testing_app/additionalTestOutputDir/view-op-error-6.png
01-15 09:05:12.132  8303  8303 I ViewInteraction: Checking 'MatchesViewAssertion(Detox){viewMatcher=(view has effective visibility <VISIBLE> and view.getGlobalVisibleRect() covers at least <75> percent of the view's area)}' assertion on view (view.getTag() is "OnboardingScreen" and view has effective visibility <VISIBLE>)
01-15 09:05:12.133  8303  8303 D DeviceCapture: Found 1 global views to redraw
01-15 09:05:12.138  8303  8303 I forceRedraw: FrameCommitCallback complete
01-15 09:05:12.184  8303  8303 I DeviceCapture: got bitmap, returning
01-15 09:05:12.185  8303  8332 D FileTestStorage: openOutputFile from /storage/emulated/0/Android/media/com.rn_testing_app/additionalTestOutputDir/view-op-error-7.png
01-15 09:05:12.289  8303  8303 I ViewInteraction: Checking 'MatchesViewAssertion(Detox){viewMatcher=(view has effective visibility <VISIBLE> and view.getGlobalVisibleRect() covers at least <75> percent of the view's area)}' assertion on view (view.getTag() is "OnboardingScreen" and view has effective visibility <VISIBLE>)
01-15 09:05:12.290  8303  8303 D DeviceCapture: Found 1 global views to redraw
01-15 09:05:12.305  8303  8303 I forceRedraw: FrameCommitCallback complete
01-15 09:05:12.338  8303  8303 I DeviceCapture: got bitmap, returning
01-15 09:05:12.338  8303  8332 D FileTestStorage: openOutputFile from /storage/emulated/0/Android/media/com.rn_testing_app/additionalTestOutputDir/view-op-error-8.png
01-15 09:05:12.441  8303  8303 I ViewInteraction: Checking 'MatchesViewAssertion(Detox){viewMatcher=(view has effective visibility <VISIBLE> and view.getGlobalVisibleRect() covers at least <75> percent of the view's area)}' assertion on view (view.getTag() is "OnboardingScreen" and view has effective visibility <VISIBLE>)
01-15 09:05:12.442  8303  8303 D DeviceCapture: Found 1 global views to redraw
01-15 09:05:12.454  8303  8342 D EGL_emulation: app_time_stats: avg=169.09ms min=149.01ms max=201.93ms count=6
01-15 09:05:12.455  8303  8303 I forceRedraw: FrameCommitCallback complete
01-15 09:05:12.491  8303  8303 I DeviceCapture: got bitmap, returning
01-15 09:05:12.492  8303  8332 D FileTestStorage: openOutputFile from /storage/emulated/0/Android/media/com.rn_testing_app/additionalTestOutputDir/view-op-error-9.png
01-15 09:05:12.596  8303  8303 I ViewInteraction: Checking 'MatchesViewAssertion(Detox){viewMatcher=(view has effective visibility <VISIBLE> and view.getGlobalVisibleRect() covers at least <75> percent of the view's area)}' assertion on view (view.getTag() is "OnboardingScreen" and view has effective visibility <VISIBLE>)
01-15 09:05:12.596  8303  8303 D DeviceCapture: Found 1 global views to redraw
01-15 09:05:12.605  8303  8303 I forceRedraw: FrameCommitCallback complete
01-15 09:05:12.636  8303  8303 I DeviceCapture: got bitmap, returning
01-15 09:05:12.636  8303  8332 D FileTestStorage: openOutputFile from /storage/emulated/0/Android/media/com.rn_testing_app/additionalTestOutputDir/view-op-error-10.png
01-15 09:05:12.737  8303  8303 I ViewInteraction: Checking 'MatchesViewAssertion(Detox){viewMatcher=(view has effective visibility <VISIBLE> and view.getGlobalVisibleRect() covers at least <75> percent of the view's area)}' assertion on view (view.getTag() is "OnboardingScreen" and view has effective visibility <VISIBLE>)
01-15 09:05:12.737  8303  8303 D DeviceCapture: Found 1 global views to redraw
01-15 09:05:12.754  8303  8303 I forceRedraw: FrameCommitCallback complete
01-15 09:05:12.791  8303  8303 I DeviceCapture: got bitmap, returning
01-15 09:05:12.791  8303  8332 D FileTestStorage: openOutputFile from /storage/emulated/0/Android/media/com.rn_testing_app/additionalTestOutputDir/view-op-error-11.png
01-15 09:05:12.996  8303  8303 I ViewInteraction: Checking 'MatchesViewAssertion(Detox){viewMatcher=(view has effective visibility <VISIBLE> and view.getGlobalVisibleRect() covers at least <75> percent of the view's area)}' assertion on view (view.getTag() is "OnboardingScreen" and view has effective visibility <VISIBLE>)
01-15 09:05:13.002  8303  8303 D DeviceCapture: Found 1 global views to redraw
01-15 09:05:13.020  8303  8303 I forceRedraw: FrameCommitCallback complete
01-15 09:05:13.115  8303  8303 I DeviceCapture: got bitmap, returning
01-15 09:05:13.116  8303  8332 D FileTestStorage: openOutputFile from /storage/emulated/0/Android/media/com.rn_testing_app/additionalTestOutputDir/view-op-error-12.png
01-15 09:05:13.295  8303  8303 I ViewInteraction: Checking 'MatchesViewAssertion(Detox){viewMatcher=(view has effective visibility <VISIBLE> and view.getGlobalVisibleRect() covers at least <75> percent of the view's area)}' assertion on view (view.getTag() is "OnboardingScreen" and view has effective visibility <VISIBLE>)
01-15 09:05:13.296  8303  8303 D DeviceCapture: Found 1 global views to redraw
01-15 09:05:13.311  8303  8303 I forceRedraw: FrameCommitCallback complete
01-15 09:05:13.382  8303  8303 I DeviceCapture: got bitmap, returning
01-15 09:05:13.384  8303  8332 D FileTestStorage: openOutputFile from /storage/emulated/0/Android/media/com.rn_testing_app/additionalTestOutputDir/view-op-error-13.png
01-15 09:05:13.530  8303  8363 D Detox.RNMarker: NATIVE_MODULE_SETUP_START (FrameRateLogger)
01-15 09:05:13.538  8303  8363 D Detox.RNMarker: NATIVE_MODULE_SETUP_START (KeyboardObserver)
01-15 09:05:13.649  8303  8303 D CompatibilityChangeReporter: Compat change id reported: 171228096; UID 10427; state: ENABLED
01-15 09:05:13.650  8303  8303 W .rn_testing_app: Accessing hidden field Landroid/widget/HorizontalScrollView;->mScroller:Landroid/widget/OverScroller; (unsupported, reflection, allowed)
01-15 09:05:13.678  8303  8342 D EGL_emulation: app_time_stats: avg=244.66ms min=148.79ms max=367.64ms count=5
01-15 09:05:13.737  8303  8311 I .rn_testing_app: Compiler allocated 4579KB to compile void android.view.ViewRootImpl.performTraversals()
01-15 09:05:14.144  8303  8303 I ViewInteraction: Checking 'MatchesViewAssertion(Detox){viewMatcher=(view has effective visibility <VISIBLE> and view.getGlobalVisibleRect() covers at least <75> percent of the view's area)}' assertion on view (view.getTag() is "OnboardingScreen" and view has effective visibility <VISIBLE>)
01-15 09:05:14.146  8303  8332 I DetoxWSClient: Sending out action 'invokeResult' (ID #1)
01-15 09:05:14.146  8303  8332 I DetoxDispatcher: Done with action 'invoke'
01-15 09:05:14.161  8303  8336 D DetoxWSClient: Received action 'invoke' (ID #2, params={"target":{"type":"Class","value":"com.wix.detox.espresso.EspressoDetox"},"method":"perform","args":[{"type":"Invocation","value":{"target":{"type":"Class","value":"com.wix.detox.espresso.DetoxMatcher"},"method":"matcherForText","args":["Next",{"type":"boolean","value":false}]}},{"type":"Invocation","value":{"target":{"type":"Class","value":"com.wix.detox.espresso.DetoxViewActions"},"method":"click","args":[]}}]})
01-15 09:05:14.162  8303  8332 I DetoxDispatcher: Handling action 'invoke' (ID #2)...
01-15 09:05:14.162  8303  8332 D Detox   : class com.wix.detox.espresso.DetoxMatcher, matcherForText, [Next, false]
01-15 09:05:14.162  8303  8332 D Detox   : class com.wix.detox.espresso.DetoxViewActions, click, []
01-15 09:05:14.163  8303  8332 W .rn_testing_app: Accessing hidden method Landroid/view/ViewConfiguration;->getDoubleTapMinTime()I (unsupported, reflection, allowed)
01-15 09:05:14.164  8303  8332 D Detox   : class com.wix.detox.espresso.EspressoDetox, perform, [(an instance of android.widget.TextView and view.getText() with or without transformation to match: is "Next" and view has effective visibility <VISIBLE>), com.wix.detox.espresso.action.RNClickAction@523cef3]
01-15 09:05:14.167  8303  8303 I ViewInteraction: Performing 'com.wix.detox.espresso.action.detoxsingletap@c3f57b0 click' action on view (an instance of android.widget.TextView and view.getText() with or without transformation to match: is "Next" and view has effective visibility <VISIBLE>)
01-15 09:05:14.219  8303  8303 I Detox   : UIManagerModule is busy
01-15 09:05:14.351  8303  8303 I Detox   : AnimatedModule is busy.
01-15 09:05:14.353  8303  8303 I Detox   : AnimatedModule is busy.
01-15 09:05:14.372  8303  8303 I Detox   : AnimatedModule is busy.
01-15 09:05:14.386  8303  8303 I Detox   : AnimatedModule is busy.
01-15 09:05:14.403  8303  8303 I Detox   : AnimatedModule is busy.
01-15 09:05:14.419  8303  8303 I Detox   : AnimatedModule is busy.
01-15 09:05:14.437  8303  8303 I Detox   : AnimatedModule is busy.
01-15 09:05:14.454  8303  8303 I Detox   : AnimatedModule is busy.
01-15 09:05:14.693  8303  8342 D EGL_emulation: app_time_stats: avg=15.31ms min=1.97ms max=123.89ms count=46
01-15 09:05:15.129  8303  8332 I DetoxWSClient: Sending out action 'invokeResult' (ID #2)
01-15 09:05:15.129  8303  8332 I DetoxDispatcher: Done with action 'invoke'
01-15 09:05:15.140  8303  8336 D DetoxWSClient: Received action 'invoke' (ID #3, params={"target":{"type":"Class","value":"com.wix.detox.espresso.EspressoDetox"},"method":"perform","args":[{"type":"Invocation","value":{"target":{"type":"Class","value":"com.wix.detox.espresso.DetoxMatcher"},"method":"matcherForText","args":["Next",{"type":"boolean","value":false}]}},{"type":"Invocation","value":{"target":{"type":"Class","value":"com.wix.detox.espresso.DetoxViewActions"},"method":"click","args":[]}}]})
01-15 09:05:15.141  8303  8332 I DetoxDispatcher: Handling action 'invoke' (ID #3)...
01-15 09:05:15.141  8303  8332 D Detox   : class com.wix.detox.espresso.DetoxMatcher, matcherForText, [Next, false]
01-15 09:05:15.142  8303  8332 D Detox   : class com.wix.detox.espresso.DetoxViewActions, click, []
01-15 09:05:15.142  8303  8332 D Detox   : class com.wix.detox.espresso.EspressoDetox, perform, [(an instance of android.widget.TextView and view.getText() with or without transformation to match: is "Next" and view has effective visibility <VISIBLE>), com.wix.detox.espresso.action.RNClickAction@3e1eb99]
01-15 09:05:15.153  8303  8303 I ViewInteraction: Performing 'com.wix.detox.espresso.action.detoxsingletap@e501e5e click' action on view (an instance of android.widget.TextView and view.getText() with or without transformation to match: is "Next" and view has effective visibility <VISIBLE>)
01-15 09:05:15.275  8303  8303 I Detox   : UIManagerModule is busy
01-15 09:05:15.339  8303  8303 I Detox   : AnimatedModule is busy.
01-15 09:05:15.357  8303  8303 I Detox   : AnimatedModule is busy.
01-15 09:05:15.372  8303  8303 I Detox   : AnimatedModule is busy.
01-15 09:05:15.387  8303  8303 I Detox   : AnimatedModule is busy.
01-15 09:05:15.404  8303  8303 I Detox   : AnimatedModule is busy.
01-15 09:05:15.419  8303  8303 I Detox   : AnimatedModule is busy.
01-15 09:05:15.438  8303  8303 I Detox   : AnimatedModule is busy.
01-15 09:05:15.454  8303  8303 I Detox   : AnimatedModule is busy.
01-15 09:05:15.470  8303  8303 I Detox   : AnimatedModule is busy.
01-15 09:05:15.488  8303  8303 I Detox   : AnimatedModule is busy.
01-15 09:05:15.506  8303  8303 I Detox   : AnimatedModule is busy.
01-15 09:05:15.697  8303  8342 D EGL_emulation: app_time_stats: avg=74.58ms min=5.97ms max=501.63ms count=13
01-15 09:05:15.985  8303  8332 I DetoxWSClient: Sending out action 'invokeResult' (